npm warn Unknown env config "node-linker". This will stop working in the next major version of npm. See `npm help npmrc` for supported config options.
npm warn Unknown project config "node-linker". This will stop working in the next major version of npm. See `npm help npmrc` for supported config options.
EXPO_USE_METRO_WORKSPACE_ROOT is enabled by default, use EXPO_NO_METRO_WORKSPACE_ROOT instead to disable.
EXPO_USE_METRO_WORKSPACE_ROOT is enabled by default, use EXPO_NO_METRO_WORKSPACE_ROOT instead to disable.
EXPO_USE_METRO_WORKSPACE_ROOT is enabled by default, use EXPO_NO_METRO_WORKSPACE_ROOT instead to disable.
EXPO_USE_METRO_WORKSPACE_ROOT is enabled by default, use EXPO_NO_METRO_WORKSPACE_ROOT instead to disable.
EXPO_USE_METRO_WORKSPACE_ROOT is enabled by default, use EXPO_NO_METRO_WORKSPACE_ROOT instead to disable.
EXPO_USE_METRO_WORKSPACE_ROOT is enabled by default, use EXPO_NO_METRO_WORKSPACE_ROOT instead to disable.
EXPO_USE_METRO_WORKSPACE_ROOT is enabled by default, use EXPO_NO_METRO_WORKSPACE_ROOT instead to disable.
EXPO_USE_METRO_WORKSPACE_ROOT is enabled by default, use EXPO_NO_METRO_WORKSPACE_ROOT instead to disable.
EXPO_USE_METRO_WORKSPACE_ROOT is enabled by default, use EXPO_NO_METRO_WORKSPACE_ROOT instead to disable.
λ  WARN  props.pointerEvents is deprecated. Use style.pointerEvents 
  console.warn (C:\Users\X1 CARBON\Desktop\pipeline_pro\node_modules\@expo\cli\src\start\server\serverLogLikeMetro.ts:161:21)
  warnOnce (C:\Users\X1 CARBON\Desktop\pipeline_pro\node_modules\react-native-web\dist\modules\warnOnce\index.js:24:13)
  createDOMProps (C:\Users\X1 CARBON\Desktop\pipeline_pro\node_modules\react-native-web\dist\modules\createDOMProps\index.js:805:13)
  createElement (C:\Users\X1 CARBON\Desktop\pipeline_pro\node_modules\react-native-web\dist\exports\createElement\index.js:23:32)
  Component (C:\Users\X1 CARBON\Desktop\pipeline_pro\node_modules\react-native-web\dist\exports\View\index.js:111:23)
  Object.callComponentInDEV [as react-stack-bottom-frame] (C:\Users\X1 CARBON\Desktop\pipeline_pro\node_modules\react-dom\cjs\react-dom-server-legacy.node.development.js:8970:18)
  renderWithHooks (C:\Users\X1 CARBON\Desktop\pipeline_pro\node_modules\react-dom\cjs\react-dom-server-legacy.node.development.js:4699:19)
  run (C:\Users\X1 CARBON\Desktop\pipeline_pro\node_modules\react-dom\cjs\react-dom-server-legacy.node.development.js:5539:39)
  retryNode (C:\Users\X1 CARBON\Desktop\pipeline_pro\node_modules\react-dom\cjs\react-dom-server-legacy.node.development.js:5899:31)
  renderNodeDestructive (C:\Users\X1 CARBON\Desktop\pipeline_pro\node_modules\react-dom\cjs\react-dom-server-legacy.node.development.js:5849:11)
EXPO_USE_METRO_WORKSPACE_ROOT is enabled by default, use EXPO_NO_METRO_WORKSPACE_ROOT instead to disable.
EXPO_USE_METRO_WORKSPACE_ROOT is enabled by default, use EXPO_NO_METRO_WORKSPACE_ROOT instead to disable.
λ  WARN  props.pointerEvents is deprecated. Use style.pointerEvents 
  console.warn (C:\Users\X1 CARBON\Desktop\pipeline_pro\node_modules\@expo\cli\src\start\server\serverLogLikeMetro.ts:161:21)
  warnOnce (C:\Users\X1 CARBON\Desktop\pipeline_pro\node_modules\react-native-web\dist\modules\warnOnce\index.js:24:13)
  createDOMProps (C:\Users\X1 CARBON\Desktop\pipeline_pro\node_modules\react-native-web\dist\modules\createDOMProps\index.js:805:13)
  createElement (C:\Users\X1 CARBON\Desktop\pipeline_pro\node_modules\react-native-web\dist\exports\createElement\index.js:23:32)
  Component (C:\Users\X1 CARBON\Desktop\pipeline_pro\node_modules\react-native-web\dist\exports\View\index.js:111:23)
  Object.callComponentInDEV [as react-stack-bottom-frame] (C:\Users\X1 CARBON\Desktop\pipeline_pro\node_modules\react-dom\cjs\react-dom-server-legacy.node.development.js:8970:18)
  renderWithHooks (C:\Users\X1 CARBON\Desktop\pipeline_pro\node_modules\react-dom\cjs\react-dom-server-legacy.node.development.js:4699:19)
  run (C:\Users\X1 CARBON\Desktop\pipeline_pro\node_modules\react-dom\cjs\react-dom-server-legacy.node.development.js:5539:39)
  retryNode (C:\Users\X1 CARBON\Desktop\pipeline_pro\node_modules\react-dom\cjs\react-dom-server-legacy.node.development.js:5899:31)
  renderNodeDestructive (C:\Users\X1 CARBON\Desktop\pipeline_pro\node_modules\react-dom\cjs\react-dom-server-legacy.node.development.js:5849:11)
Error: Cannot pipe to a closed or destroyed stream
    at pipelineImpl (node:internal/streams/pipeline:264:15)
    at node:stream/promises:31:5
    at new Promise (<anonymous>)
    at pipeline (node:stream/promises:20:10)
    at respond (C:\Users\X1 CARBON\Desktop\pipeline_pro\node_modules\expo-server\src\vendor\http.ts:138:19)
    at C:\Users\X1 CARBON\Desktop\pipeline_pro\node_modules\expo-server\src\vendor\http.ts:68:13
    at processTicksAndRejections (node:internal/process/task_queues:104:5)
EXPO_USE_METRO_WORKSPACE_ROOT is enabled by default, use EXPO_NO_METRO_WORKSPACE_ROOT instead to disable.
EXPO_USE_METRO_WORKSPACE_ROOT is enabled by default, use EXPO_NO_METRO_WORKSPACE_ROOT instead to disable.
λ  WARN  props.pointerEvents is deprecated. Use style.pointerEvents 
  console.warn (C:\Users\X1 CARBON\Desktop\pipeline_pro\node_modules\@expo\cli\src\start\server\serverLogLikeMetro.ts:161:21)
  warnOnce (C:\Users\X1 CARBON\Desktop\pipeline_pro\node_modules\react-native-web\dist\modules\warnOnce\index.js:24:13)
  createDOMProps (C:\Users\X1 CARBON\Desktop\pipeline_pro\node_modules\react-native-web\dist\modules\createDOMProps\index.js:805:13)
  createElement (C:\Users\X1 CARBON\Desktop\pipeline_pro\node_modules\react-native-web\dist\exports\createElement\index.js:23:32)
  Component (C:\Users\X1 CARBON\Desktop\pipeline_pro\node_modules\react-native-web\dist\exports\View\index.js:111:23)
  Object.callComponentInDEV [as react-stack-bottom-frame] (C:\Users\X1 CARBON\Desktop\pipeline_pro\node_modules\react-dom\cjs\react-dom-server-legacy.node.development.js:8970:18)
  renderWithHooks (C:\Users\X1 CARBON\Desktop\pipeline_pro\node_modules\react-dom\cjs\react-dom-server-legacy.node.development.js:4699:19)
  run (C:\Users\X1 CARBON\Desktop\pipeline_pro\node_modules\react-dom\cjs\react-dom-server-legacy.node.development.js:5539:39)
  retryNode (C:\Users\X1 CARBON\Desktop\pipeline_pro\node_modules\react-dom\cjs\react-dom-server-legacy.node.development.js:5899:31)
  renderNodeDestructive (C:\Users\X1 CARBON\Desktop\pipeline_pro\node_modules\react-dom\cjs\react-dom-server-legacy.node.development.js:5849:11)
EXPO_USE_METRO_WORKSPACE_ROOT is enabled by default, use EXPO_NO_METRO_WORKSPACE_ROOT instead to disable.
EXPO_USE_METRO_WORKSPACE_ROOT is enabled by default, use EXPO_NO_METRO_WORKSPACE_ROOT instead to disable.
λ  WARN  props.pointerEvents is deprecated. Use style.pointerEvents 
  console.warn (C:\Users\X1 CARBON\Desktop\pipeline_pro\node_modules\@expo\cli\src\start\server\serverLogLikeMetro.ts:161:21)
  warnOnce (C:\Users\X1 CARBON\Desktop\pipeline_pro\node_modules\react-native-web\dist\modules\warnOnce\index.js:24:13)
  createDOMProps (C:\Users\X1 CARBON\Desktop\pipeline_pro\node_modules\react-native-web\dist\modules\createDOMProps\index.js:805:13)
  createElement (C:\Users\X1 CARBON\Desktop\pipeline_pro\node_modules\react-native-web\dist\exports\createElement\index.js:23:32)
  Component (C:\Users\X1 CARBON\Desktop\pipeline_pro\node_modules\react-native-web\dist\exports\View\index.js:111:23)
  Object.callComponentInDEV [as react-stack-bottom-frame] (C:\Users\X1 CARBON\Desktop\pipeline_pro\node_modules\react-dom\cjs\react-dom-server-legacy.node.development.js:8970:18)
  renderWithHooks (C:\Users\X1 CARBON\Desktop\pipeline_pro\node_modules\react-dom\cjs\react-dom-server-legacy.node.development.js:4699:19)
  run (C:\Users\X1 CARBON\Desktop\pipeline_pro\node_modules\react-dom\cjs\react-dom-server-legacy.node.development.js:5539:39)
  retryNode (C:\Users\X1 CARBON\Desktop\pipeline_pro\node_modules\react-dom\cjs\react-dom-server-legacy.node.development.js:5899:31)
  renderNodeDestructive (C:\Users\X1 CARBON\Desktop\pipeline_pro\node_modules\react-dom\cjs\react-dom-server-legacy.node.development.js:5849:11)
EXPO_USE_METRO_WORKSPACE_ROOT is enabled by default, use EXPO_NO_METRO_WORKSPACE_ROOT instead to disable.
EXPO_USE_METRO_WORKSPACE_ROOT is enabled by default, use EXPO_NO_METRO_WORKSPACE_ROOT instead to disable.
EXPO_USE_METRO_WORKSPACE_ROOT is enabled by default, use EXPO_NO_METRO_WORKSPACE_ROOT instead to disable.
EXPO_USE_METRO_WORKSPACE_ROOT is enabled by default, use EXPO_NO_METRO_WORKSPACE_ROOT instead to disable.
λ  WARN  props.pointerEvents is deprecated. Use style.pointerEvents 
  console.warn (C:\Users\X1 CARBON\Desktop\pipeline_pro\node_modules\@expo\cli\src\start\server\serverLogLikeMetro.ts:161:21)
  warnOnce (C:\Users\X1 CARBON\Desktop\pipeline_pro\node_modules\react-native-web\dist\modules\warnOnce\index.js:24:13)
  createDOMProps (C:\Users\X1 CARBON\Desktop\pipeline_pro\node_modules\react-native-web\dist\modules\createDOMProps\index.js:805:13)
  createElement (C:\Users\X1 CARBON\Desktop\pipeline_pro\node_modules\react-native-web\dist\exports\createElement\index.js:23:32)
  Component (C:\Users\X1 CARBON\Desktop\pipeline_pro\node_modules\react-native-web\dist\exports\View\index.js:111:23)
  Object.callComponentInDEV [as react-stack-bottom-frame] (C:\Users\X1 CARBON\Desktop\pipeline_pro\node_modules\react-dom\cjs\react-dom-server-legacy.node.development.js:8970:18)
  renderWithHooks (C:\Users\X1 CARBON\Desktop\pipeline_pro\node_modules\react-dom\cjs\react-dom-server-legacy.node.development.js:4699:19)
  run (C:\Users\X1 CARBON\Desktop\pipeline_pro\node_modules\react-dom\cjs\react-dom-server-legacy.node.development.js:5539:39)
  retryNode (C:\Users\X1 CARBON\Desktop\pipeline_pro\node_modules\react-dom\cjs\react-dom-server-legacy.node.development.js:5899:31)
  renderNodeDestructive (C:\Users\X1 CARBON\Desktop\pipeline_pro\node_modules\react-dom\cjs\react-dom-server-legacy.node.development.js:5849:11)
EXPO_USE_METRO_WORKSPACE_ROOT is enabled by default, use EXPO_NO_METRO_WORKSPACE_ROOT instead to disable.
EXPO_USE_METRO_WORKSPACE_ROOT is enabled by default, use EXPO_NO_METRO_WORKSPACE_ROOT instead to disable.
λ  WARN  props.pointerEvents is deprecated. Use style.pointerEvents 
  console.warn (C:\Users\X1 CARBON\Desktop\pipeline_pro\node_modules\@expo\cli\src\start\server\serverLogLikeMetro.ts:161:21)
  warnOnce (C:\Users\X1 CARBON\Desktop\pipeline_pro\node_modules\react-native-web\dist\modules\warnOnce\index.js:24:13)
  createDOMProps (C:\Users\X1 CARBON\Desktop\pipeline_pro\node_modules\react-native-web\dist\modules\createDOMProps\index.js:805:13)
  createElement (C:\Users\X1 CARBON\Desktop\pipeline_pro\node_modules\react-native-web\dist\exports\createElement\index.js:23:32)
  Component (C:\Users\X1 CARBON\Desktop\pipeline_pro\node_modules\react-native-web\dist\exports\View\index.js:111:23)
  Object.callComponentInDEV [as react-stack-bottom-frame] (C:\Users\X1 CARBON\Desktop\pipeline_pro\node_modules\react-dom\cjs\react-dom-server-legacy.node.development.js:8970:18)
  renderWithHooks (C:\Users\X1 CARBON\Desktop\pipeline_pro\node_modules\react-dom\cjs\react-dom-server-legacy.node.development.js:4699:19)
  run (C:\Users\X1 CARBON\Desktop\pipeline_pro\node_modules\react-dom\cjs\react-dom-server-legacy.node.development.js:5539:39)
  retryNode (C:\Users\X1 CARBON\Desktop\pipeline_pro\node_modules\react-dom\cjs\react-dom-server-legacy.node.development.js:5899:31)
  renderNodeDestructive (C:\Users\X1 CARBON\Desktop\pipeline_pro\node_modules\react-dom\cjs\react-dom-server-legacy.node.development.js:5849:11)
EXPO_USE_METRO_WORKSPACE_ROOT is enabled by default, use EXPO_NO_METRO_WORKSPACE_ROOT instead to disable.
EXPO_USE_METRO_WORKSPACE_ROOT is enabled by default, use EXPO_NO_METRO_WORKSPACE_ROOT instead to disable.
EXPO_USE_METRO_WORKSPACE_ROOT is enabled by default, use EXPO_NO_METRO_WORKSPACE_ROOT instead to disable.
EXPO_USE_METRO_WORKSPACE_ROOT is enabled by default, use EXPO_NO_METRO_WORKSPACE_ROOT instead to disable.
EXPO_USE_METRO_WORKSPACE_ROOT is enabled by default, use EXPO_NO_METRO_WORKSPACE_ROOT instead to disable.
EXPO_USE_METRO_WORKSPACE_ROOT is enabled by default, use EXPO_NO_METRO_WORKSPACE_ROOT instead to disable.
EXPO_USE_METRO_WORKSPACE_ROOT is enabled by default, use EXPO_NO_METRO_WORKSPACE_ROOT instead to disable.
EXPO_USE_METRO_WORKSPACE_ROOT is enabled by default, use EXPO_NO_METRO_WORKSPACE_ROOT instead to disable.
EXPO_USE_METRO_WORKSPACE_ROOT is enabled by default, use EXPO_NO_METRO_WORKSPACE_ROOT instead to disable.
EXPO_USE_METRO_WORKSPACE_ROOT is enabled by default, use EXPO_NO_METRO_WORKSPACE_ROOT instead to disable.
EXPO_USE_METRO_WORKSPACE_ROOT is enabled by default, use EXPO_NO_METRO_WORKSPACE_ROOT instead to disable.
EXPO_USE_METRO_WORKSPACE_ROOT is enabled by default, use EXPO_NO_METRO_WORKSPACE_ROOT instead to disable.
EXPO_USE_METRO_WORKSPACE_ROOT is enabled by default, use EXPO_NO_METRO_WORKSPACE_ROOT instead to disable.
EXPO_USE_METRO_WORKSPACE_ROOT is enabled by default, use EXPO_NO_METRO_WORKSPACE_ROOT instead to disable.
EXPO_USE_METRO_WORKSPACE_ROOT is enabled by default, use EXPO_NO_METRO_WORKSPACE_ROOT instead to disable.
EXPO_USE_METRO_WORKSPACE_ROOT is enabled by default, use EXPO_NO_METRO_WORKSPACE_ROOT instead to disable.
EXPO_USE_METRO_WORKSPACE_ROOT is enabled by default, use EXPO_NO_METRO_WORKSPACE_ROOT instead to disable.
EXPO_USE_METRO_WORKSPACE_ROOT is enabled by default, use EXPO_NO_METRO_WORKSPACE_ROOT instead to disable.
EXPO_USE_METRO_WORKSPACE_ROOT is enabled by default, use EXPO_NO_METRO_WORKSPACE_ROOT instead to disable.
EXPO_USE_METRO_WORKSPACE_ROOT is enabled by default, use EXPO_NO_METRO_WORKSPACE_ROOT instead to disable.
EXPO_USE_METRO_WORKSPACE_ROOT is enabled by default, use EXPO_NO_METRO_WORKSPACE_ROOT instead to disable.
EXPO_USE_METRO_WORKSPACE_ROOT is enabled by default, use EXPO_NO_METRO_WORKSPACE_ROOT instead to disable.
EXPO_USE_METRO_WORKSPACE_ROOT is enabled by default, use EXPO_NO_METRO_WORKSPACE_ROOT instead to disable.
EXPO_USE_METRO_WORKSPACE_ROOT is enabled by default, use EXPO_NO_METRO_WORKSPACE_ROOT instead to disable.
EXPO_USE_METRO_WORKSPACE_ROOT is enabled by default, use EXPO_NO_METRO_WORKSPACE_ROOT instead to disable.
EXPO_USE_METRO_WORKSPACE_ROOT is enabled by default, use EXPO_NO_METRO_WORKSPACE_ROOT instead to disable.
EXPO_USE_METRO_WORKSPACE_ROOT is enabled by default, use EXPO_NO_METRO_WORKSPACE_ROOT instead to disable.
EXPO_USE_METRO_WORKSPACE_ROOT is enabled by default, use EXPO_NO_METRO_WORKSPACE_ROOT instead to disable.
EXPO_USE_METRO_WORKSPACE_ROOT is enabled by default, use EXPO_NO_METRO_WORKSPACE_ROOT instead to disable.
EXPO_USE_METRO_WORKSPACE_ROOT is enabled by default, use EXPO_NO_METRO_WORKSPACE_ROOT instead to disable.
EXPO_USE_METRO_WORKSPACE_ROOT is enabled by default, use EXPO_NO_METRO_WORKSPACE_ROOT instead to disable.
EXPO_USE_METRO_WORKSPACE_ROOT is enabled by default, use EXPO_NO_METRO_WORKSPACE_ROOT instead to disable.
[expo-notifications] Listening to push token changes is not yet fully supported on web. Adding a listener will have no effect.
EXPO_USE_METRO_WORKSPACE_ROOT is enabled by default, use EXPO_NO_METRO_WORKSPACE_ROOT instead to disable.
EXPO_USE_METRO_WORKSPACE_ROOT is enabled by default, use EXPO_NO_METRO_WORKSPACE_ROOT instead to disable.
[expo-notifications] Listening to push token changes is not yet fully supported on web. Adding a listener will have no effect.
EXPO_USE_METRO_WORKSPACE_ROOT is enabled by default, use EXPO_NO_METRO_WORKSPACE_ROOT instead to disable.
EXPO_USE_METRO_WORKSPACE_ROOT is enabled by default, use EXPO_NO_METRO_WORKSPACE_ROOT instead to disable.
[expo-notifications] Listening to push token changes is not yet fully supported on web. Adding a listener will have no effect.
EXPO_USE_METRO_WORKSPACE_ROOT is enabled by default, use EXPO_NO_METRO_WORKSPACE_ROOT instead to disable.
EXPO_USE_METRO_WORKSPACE_ROOT is enabled by default, use EXPO_NO_METRO_WORKSPACE_ROOT instead to disable.
[expo-notifications] Listening to push token changes is not yet fully supported on web. Adding a listener will have no effect.
EXPO_USE_METRO_WORKSPACE_ROOT is enabled by default, use EXPO_NO_METRO_WORKSPACE_ROOT instead to disable.
EXPO_USE_METRO_WORKSPACE_ROOT is enabled by default, use EXPO_NO_METRO_WORKSPACE_ROOT instead to disable.
[expo-notifications] Listening to push token changes is not yet fully supported on web. Adding a listener will have no effect.
EXPO_USE_METRO_WORKSPACE_ROOT is enabled by default, use EXPO_NO_METRO_WORKSPACE_ROOT instead to disable.
EXPO_USE_METRO_WORKSPACE_ROOT is enabled by default, use EXPO_NO_METRO_WORKSPACE_ROOT instead to disable.
[expo-notifications] Listening to push token changes is not yet fully supported on web. Adding a listener will have no effect.
EXPO_USE_METRO_WORKSPACE_ROOT is enabled by default, use EXPO_NO_METRO_WORKSPACE_ROOT instead to disable.
EXPO_USE_METRO_WORKSPACE_ROOT is enabled by default, use EXPO_NO_METRO_WORKSPACE_ROOT instead to disable.
[expo-notifications] Listening to push token changes is not yet fully supported on web. Adding a listener will have no effect.
EXPO_USE_METRO_WORKSPACE_ROOT is enabled by default, use EXPO_NO_METRO_WORKSPACE_ROOT instead to disable.
EXPO_USE_METRO_WORKSPACE_ROOT is enabled by default, use EXPO_NO_METRO_WORKSPACE_ROOT instead to disable.
[expo-notifications] Listening to push token changes is not yet fully supported on web. Adding a listener will have no effect.
EXPO_USE_METRO_WORKSPACE_ROOT is enabled by default, use EXPO_NO_METRO_WORKSPACE_ROOT instead to disable.
EXPO_USE_METRO_WORKSPACE_ROOT is enabled by default, use EXPO_NO_METRO_WORKSPACE_ROOT instead to disable.
[expo-notifications] Listening to push token changes is not yet fully supported on web. Adding a listener will have no effect.
EXPO_USE_METRO_WORKSPACE_ROOT is enabled by default, use EXPO_NO_METRO_WORKSPACE_ROOT instead to disable.
EXPO_USE_METRO_WORKSPACE_ROOT is enabled by default, use EXPO_NO_METRO_WORKSPACE_ROOT instead to disable.
[expo-notifications] Listening to push token changes is not yet fully supported on web. Adding a listener will have no effect.
EXPO_USE_METRO_WORKSPACE_ROOT is enabled by default, use EXPO_NO_METRO_WORKSPACE_ROOT instead to disable.
EXPO_USE_METRO_WORKSPACE_ROOT is enabled by default, use EXPO_NO_METRO_WORKSPACE_ROOT instead to disable.
[expo-notifications] Listening to push token changes is not yet fully supported on web. Adding a listener will have no effect.
EXPO_USE_METRO_WORKSPACE_ROOT is enabled by default, use EXPO_NO_METRO_WORKSPACE_ROOT instead to disable.
EXPO_USE_METRO_WORKSPACE_ROOT is enabled by default, use EXPO_NO_METRO_WORKSPACE_ROOT instead to disable.
[expo-notifications] Listening to push token changes is not yet fully supported on web. Adding a listener will have no effect.
EXPO_USE_METRO_WORKSPACE_ROOT is enabled by default, use EXPO_NO_METRO_WORKSPACE_ROOT instead to disable.
EXPO_USE_METRO_WORKSPACE_ROOT is enabled by default, use EXPO_NO_METRO_WORKSPACE_ROOT instead to disable.
[expo-notifications] Listening to push token changes is not yet fully supported on web. Adding a listener will have no effect.
EXPO_USE_METRO_WORKSPACE_ROOT is enabled by default, use EXPO_NO_METRO_WORKSPACE_ROOT instead to disable.
EXPO_USE_METRO_WORKSPACE_ROOT is enabled by default, use EXPO_NO_METRO_WORKSPACE_ROOT instead to disable.
[expo-notifications] Listening to push token changes is not yet fully supported on web. Adding a listener will have no effect.
λ  WARN  "zap" is not a valid icon name for family "material-community" 
  console._Font [as warn] (C:\Users\X1 CARBON\Desktop\pipeline_pro\node_modules\@expo\cli\src\start\server\serverLogLikeMetro.ts:161:21)
  Icon.render (C:\Users\X1 CARBON\Desktop\pipeline_pro\node_modules\expo-font\build\index.js:1:1)
  Object.callRenderInDEV [as react-stack-bottom-frame] (C:\Users\X1 CARBON\Desktop\pipeline_pro\node_modules\react-dom\cjs\react-dom-server-legacy.node.development.js:8977:27)
  run (C:\Users\X1 CARBON\Desktop\pipeline_pro\node_modules\react-dom\cjs\react-dom-server-legacy.node.development.js:5109:30)
  retryNode (C:\Users\X1 CARBON\Desktop\pipeline_pro\node_modules\react-dom\cjs\react-dom-server-legacy.node.development.js:5899:31)
  renderNodeDestructive (C:\Users\X1 CARBON\Desktop\pipeline_pro\node_modules\react-dom\cjs\react-dom-server-legacy.node.development.js:5849:11)
  renderNode (C:\Users\X1 CARBON\Desktop\pipeline_pro\node_modules\react-dom\cjs\react-dom-server-legacy.node.development.js:6306:18)
  run (C:\Users\X1 CARBON\Desktop\pipeline_pro\node_modules\react-dom\cjs\react-dom-server-legacy.node.development.js:5260:18)
  retryNode (C:\Users\X1 CARBON\Desktop\pipeline_pro\node_modules\react-dom\cjs\react-dom-server-legacy.node.development.js:5899:31)
  renderNodeDestructive (C:\Users\X1 CARBON\Desktop\pipeline_pro\node_modules\react-dom\cjs\react-dom-server-legacy.node.development.js:5849:11)
EXPO_USE_METRO_WORKSPACE_ROOT is enabled by default, use EXPO_NO_METRO_WORKSPACE_ROOT instead to disable.
EXPO_USE_METRO_WORKSPACE_ROOT is enabled by default, use EXPO_NO_METRO_WORKSPACE_ROOT instead to disable.
[expo-notifications] Listening to push token changes is not yet fully supported on web. Adding a listener will have no effect.
λ  WARN  "zap" is not a valid icon name for family "material-community" 
  console._Font [as warn] (C:\Users\X1 CARBON\Desktop\pipeline_pro\node_modules\@expo\cli\src\start\server\serverLogLikeMetro.ts:161:21)
  Icon.render (C:\Users\X1 CARBON\Desktop\pipeline_pro\node_modules\expo-font\build\index.js:1:1)
  Object.callRenderInDEV [as react-stack-bottom-frame] (C:\Users\X1 CARBON\Desktop\pipeline_pro\node_modules\react-dom\cjs\react-dom-server-legacy.node.development.js:8977:27)
  run (C:\Users\X1 CARBON\Desktop\pipeline_pro\node_modules\react-dom\cjs\react-dom-server-legacy.node.development.js:5109:30)
  retryNode (C:\Users\X1 CARBON\Desktop\pipeline_pro\node_modules\react-dom\cjs\react-dom-server-legacy.node.development.js:5899:31)
  renderNodeDestructive (C:\Users\X1 CARBON\Desktop\pipeline_pro\node_modules\react-dom\cjs\react-dom-server-legacy.node.development.js:5849:11)
  renderNode (C:\Users\X1 CARBON\Desktop\pipeline_pro\node_modules\react-dom\cjs\react-dom-server-legacy.node.development.js:6306:18)
  run (C:\Users\X1 CARBON\Desktop\pipeline_pro\node_modules\react-dom\cjs\react-dom-server-legacy.node.development.js:5260:18)
  retryNode (C:\Users\X1 CARBON\Desktop\pipeline_pro\node_modules\react-dom\cjs\react-dom-server-legacy.node.development.js:5899:31)
  renderNodeDestructive (C:\Users\X1 CARBON\Desktop\pipeline_pro\node_modules\react-dom\cjs\react-dom-server-legacy.node.development.js:5849:11)
EXPO_USE_METRO_WORKSPACE_ROOT is enabled by default, use EXPO_NO_METRO_WORKSPACE_ROOT instead to disable.
EXPO_USE_METRO_WORKSPACE_ROOT is enabled by default, use EXPO_NO_METRO_WORKSPACE_ROOT instead to disable.
[expo-notifications] Listening to push token changes is not yet fully supported on web. Adding a listener will have no effect.
EXPO_USE_METRO_WORKSPACE_ROOT is enabled by default, use EXPO_NO_METRO_WORKSPACE_ROOT instead to disable.
EXPO_USE_METRO_WORKSPACE_ROOT is enabled by default, use EXPO_NO_METRO_WORKSPACE_ROOT instead to disable.
[expo-notifications] Listening to push token changes is not yet fully supported on web. Adding a listener will have no effect.
λ  WARN  "zap" is not a valid icon name for family "material-community" 
  console._Font [as warn] (C:\Users\X1 CARBON\Desktop\pipeline_pro\node_modules\@expo\cli\src\start\server\serverLogLikeMetro.ts:161:21)
  Icon.render (C:\Users\X1 CARBON\Desktop\pipeline_pro\node_modules\expo-font\build\index.js:1:1)
  Object.callRenderInDEV [as react-stack-bottom-frame] (C:\Users\X1 CARBON\Desktop\pipeline_pro\node_modules\react-dom\cjs\react-dom-server-legacy.node.development.js:8977:27)
  run (C:\Users\X1 CARBON\Desktop\pipeline_pro\node_modules\react-dom\cjs\react-dom-server-legacy.node.development.js:5109:30)
  retryNode (C:\Users\X1 CARBON\Desktop\pipeline_pro\node_modules\react-dom\cjs\react-dom-server-legacy.node.development.js:5899:31)
  renderNodeDestructive (C:\Users\X1 CARBON\Desktop\pipeline_pro\node_modules\react-dom\cjs\react-dom-server-legacy.node.development.js:5849:11)
  renderNode (C:\Users\X1 CARBON\Desktop\pipeline_pro\node_modules\react-dom\cjs\react-dom-server-legacy.node.development.js:6306:18)
  run (C:\Users\X1 CARBON\Desktop\pipeline_pro\node_modules\react-dom\cjs\react-dom-server-legacy.node.development.js:5260:18)
  retryNode (C:\Users\X1 CARBON\Desktop\pipeline_pro\node_modules\react-dom\cjs\react-dom-server-legacy.node.development.js:5899:31)
  renderNodeDestructive (C:\Users\X1 CARBON\Desktop\pipeline_pro\node_modules\react-dom\cjs\react-dom-server-legacy.node.development.js:5849:11)
EXPO_USE_METRO_WORKSPACE_ROOT is enabled by default, use EXPO_NO_METRO_WORKSPACE_ROOT instead to disable.
EXPO_USE_METRO_WORKSPACE_ROOT is enabled by default, use EXPO_NO_METRO_WORKSPACE_ROOT instead to disable.
[expo-notifications] Listening to push token changes is not yet fully supported on web. Adding a listener will have no effect.
λ  WARN  "zap" is not a valid icon name for family "material-community" 
  console._Font [as warn] (C:\Users\X1 CARBON\Desktop\pipeline_pro\node_modules\@expo\cli\src\start\server\serverLogLikeMetro.ts:161:21)
  Icon.render (C:\Users\X1 CARBON\Desktop\pipeline_pro\node_modules\expo-font\build\index.js:1:1)
  Object.callRenderInDEV [as react-stack-bottom-frame] (C:\Users\X1 CARBON\Desktop\pipeline_pro\node_modules\react-dom\cjs\react-dom-server-legacy.node.development.js:8977:27)
  run (C:\Users\X1 CARBON\Desktop\pipeline_pro\node_modules\react-dom\cjs\react-dom-server-legacy.node.development.js:5109:30)
  retryNode (C:\Users\X1 CARBON\Desktop\pipeline_pro\node_modules\react-dom\cjs\react-dom-server-legacy.node.development.js:5899:31)
  renderNodeDestructive (C:\Users\X1 CARBON\Desktop\pipeline_pro\node_modules\react-dom\cjs\react-dom-server-legacy.node.development.js:5849:11)
  renderNode (C:\Users\X1 CARBON\Desktop\pipeline_pro\node_modules\react-dom\cjs\react-dom-server-legacy.node.development.js:6306:18)
  run (C:\Users\X1 CARBON\Desktop\pipeline_pro\node_modules\react-dom\cjs\react-dom-server-legacy.node.development.js:5260:18)
  retryNode (C:\Users\X1 CARBON\Desktop\pipeline_pro\node_modules\react-dom\cjs\react-dom-server-legacy.node.development.js:5899:31)
  renderNodeDestructive (C:\Users\X1 CARBON\Desktop\pipeline_pro\node_modules\react-dom\cjs\react-dom-server-legacy.node.development.js:5849:11)
EXPO_USE_METRO_WORKSPACE_ROOT is enabled by default, use EXPO_NO_METRO_WORKSPACE_ROOT instead to disable.
EXPO_USE_METRO_WORKSPACE_ROOT is enabled by default, use EXPO_NO_METRO_WORKSPACE_ROOT instead to disable.
[expo-notifications] Listening to push token changes is not yet fully supported on web. Adding a listener will have no effect.
λ  WARN  "zap" is not a valid icon name for family "material-community" 
  console._Font [as warn] (C:\Users\X1 CARBON\Desktop\pipeline_pro\node_modules\@expo\cli\src\start\server\serverLogLikeMetro.ts:161:21)
  Icon.render (C:\Users\X1 CARBON\Desktop\pipeline_pro\node_modules\expo-font\build\index.js:1:1)
  Object.callRenderInDEV [as react-stack-bottom-frame] (C:\Users\X1 CARBON\Desktop\pipeline_pro\node_modules\react-dom\cjs\react-dom-server-legacy.node.development.js:8977:27)
  run (C:\Users\X1 CARBON\Desktop\pipeline_pro\node_modules\react-dom\cjs\react-dom-server-legacy.node.development.js:5109:30)
  retryNode (C:\Users\X1 CARBON\Desktop\pipeline_pro\node_modules\react-dom\cjs\react-dom-server-legacy.node.development.js:5899:31)
  renderNodeDestructive (C:\Users\X1 CARBON\Desktop\pipeline_pro\node_modules\react-dom\cjs\react-dom-server-legacy.node.development.js:5849:11)
  renderNode (C:\Users\X1 CARBON\Desktop\pipeline_pro\node_modules\react-dom\cjs\react-dom-server-legacy.node.development.js:6306:18)
  run (C:\Users\X1 CARBON\Desktop\pipeline_pro\node_modules\react-dom\cjs\react-dom-server-legacy.node.development.js:5260:18)
  retryNode (C:\Users\X1 CARBON\Desktop\pipeline_pro\node_modules\react-dom\cjs\react-dom-server-legacy.node.development.js:5899:31)
  renderNodeDestructive (C:\Users\X1 CARBON\Desktop\pipeline_pro\node_modules\react-dom\cjs\react-dom-server-legacy.node.development.js:5849:11)
EXPO_USE_METRO_WORKSPACE_ROOT is enabled by default, use EXPO_NO_METRO_WORKSPACE_ROOT instead to disable.
EXPO_USE_METRO_WORKSPACE_ROOT is enabled by default, use EXPO_NO_METRO_WORKSPACE_ROOT instead to disable.
[expo-notifications] Listening to push token changes is not yet fully supported on web. Adding a listener will have no effect.
λ  WARN  "zap" is not a valid icon name for family "material-community" 
  console._Font [as warn] (C:\Users\X1 CARBON\Desktop\pipeline_pro\node_modules\@expo\cli\src\start\server\serverLogLikeMetro.ts:161:21)
  Icon.render (C:\Users\X1 CARBON\Desktop\pipeline_pro\node_modules\expo-font\build\index.js:1:1)
  Object.callRenderInDEV [as react-stack-bottom-frame] (C:\Users\X1 CARBON\Desktop\pipeline_pro\node_modules\react-dom\cjs\react-dom-server-legacy.node.development.js:8977:27)
  run (C:\Users\X1 CARBON\Desktop\pipeline_pro\node_modules\react-dom\cjs\react-dom-server-legacy.node.development.js:5109:30)
  retryNode (C:\Users\X1 CARBON\Desktop\pipeline_pro\node_modules\react-dom\cjs\react-dom-server-legacy.node.development.js:5899:31)
  renderNodeDestructive (C:\Users\X1 CARBON\Desktop\pipeline_pro\node_modules\react-dom\cjs\react-dom-server-legacy.node.development.js:5849:11)
  renderNode (C:\Users\X1 CARBON\Desktop\pipeline_pro\node_modules\react-dom\cjs\react-dom-server-legacy.node.development.js:6306:18)
  run (C:\Users\X1 CARBON\Desktop\pipeline_pro\node_modules\react-dom\cjs\react-dom-server-legacy.node.development.js:5260:18)
  retryNode (C:\Users\X1 CARBON\Desktop\pipeline_pro\node_modules\react-dom\cjs\react-dom-server-legacy.node.development.js:5899:31)
  renderNodeDestructive (C:\Users\X1 CARBON\Desktop\pipeline_pro\node_modules\react-dom\cjs\react-dom-server-legacy.node.development.js:5849:11)
EXPO_USE_METRO_WORKSPACE_ROOT is enabled by default, use EXPO_NO_METRO_WORKSPACE_ROOT instead to disable.
EXPO_USE_METRO_WORKSPACE_ROOT is enabled by default, use EXPO_NO_METRO_WORKSPACE_ROOT instead to disable.
[expo-notifications] Listening to push token changes is not yet fully supported on web. Adding a listener will have no effect.
λ  WARN  "zap" is not a valid icon name for family "material-community" 
  console._Font [as warn] (C:\Users\X1 CARBON\Desktop\pipeline_pro\node_modules\@expo\cli\src\start\server\serverLogLikeMetro.ts:161:21)
  Icon.render (C:\Users\X1 CARBON\Desktop\pipeline_pro\node_modules\expo-font\build\index.js:1:1)
  Object.callRenderInDEV [as react-stack-bottom-frame] (C:\Users\X1 CARBON\Desktop\pipeline_pro\node_modules\react-dom\cjs\react-dom-server-legacy.node.development.js:8977:27)
  run (C:\Users\X1 CARBON\Desktop\pipeline_pro\node_modules\react-dom\cjs\react-dom-server-legacy.node.development.js:5109:30)
  retryNode (C:\Users\X1 CARBON\Desktop\pipeline_pro\node_modules\react-dom\cjs\react-dom-server-legacy.node.development.js:5899:31)
  renderNodeDestructive (C:\Users\X1 CARBON\Desktop\pipeline_pro\node_modules\react-dom\cjs\react-dom-server-legacy.node.development.js:5849:11)
  renderNode (C:\Users\X1 CARBON\Desktop\pipeline_pro\node_modules\react-dom\cjs\react-dom-server-legacy.node.development.js:6306:18)
  run (C:\Users\X1 CARBON\Desktop\pipeline_pro\node_modules\react-dom\cjs\react-dom-server-legacy.node.development.js:5260:18)
  retryNode (C:\Users\X1 CARBON\Desktop\pipeline_pro\node_modules\react-dom\cjs\react-dom-server-legacy.node.development.js:5899:31)
  renderNodeDestructive (C:\Users\X1 CARBON\Desktop\pipeline_pro\node_modules\react-dom\cjs\react-dom-server-legacy.node.development.js:5849:11)
EXPO_USE_METRO_WORKSPACE_ROOT is enabled by default, use EXPO_NO_METRO_WORKSPACE_ROOT instead to disable.
EXPO_USE_METRO_WORKSPACE_ROOT is enabled by default, use EXPO_NO_METRO_WORKSPACE_ROOT instead to disable.
[expo-notifications] Listening to push token changes is not yet fully supported on web. Adding a listener will have no effect.
λ  WARN  "zap" is not a valid icon name for family "material-community" 
  console.logWithStack [as warn] (C:\Users\X1 CARBON\Desktop\pipeline_pro\node_modules\@expo\cli\src\start\server\serverLogLikeMetro.ts:161:21)
  Icon.render (C:\Users\X1 CARBON\Desktop\pipeline_pro\node_modules\expo-font\build\index.js:1:1)
  Object.callRenderInDEV [as react-stack-bottom-frame] (C:\Users\X1 CARBON\Desktop\pipeline_pro\node_modules\react-dom\cjs\react-dom-server-legacy.node.development.js:8977:27)
  run (C:\Users\X1 CARBON\Desktop\pipeline_pro\node_modules\react-dom\cjs\react-dom-server-legacy.node.development.js:5109:30)
  retryNode (C:\Users\X1 CARBON\Desktop\pipeline_pro\node_modules\react-dom\cjs\react-dom-server-legacy.node.development.js:5899:31)
  renderNodeDestructive (C:\Users\X1 CARBON\Desktop\pipeline_pro\node_modules\react-dom\cjs\react-dom-server-legacy.node.development.js:5849:11)
  renderNode (C:\Users\X1 CARBON\Desktop\pipeline_pro\node_modules\react-dom\cjs\react-dom-server-legacy.node.development.js:6306:18)
  run (C:\Users\X1 CARBON\Desktop\pipeline_pro\node_modules\react-dom\cjs\react-dom-server-legacy.node.development.js:5260:18)
  retryNode (C:\Users\X1 CARBON\Desktop\pipeline_pro\node_modules\react-dom\cjs\react-dom-server-legacy.node.development.js:5899:31)
  renderNodeDestructive (C:\Users\X1 CARBON\Desktop\pipeline_pro\node_modules\react-dom\cjs\react-dom-server-legacy.node.development.js:5849:11)
EXPO_USE_METRO_WORKSPACE_ROOT is enabled by default, use EXPO_NO_METRO_WORKSPACE_ROOT instead to disable.
EXPO_USE_METRO_WORKSPACE_ROOT is enabled by default, use EXPO_NO_METRO_WORKSPACE_ROOT instead to disable.
[expo-notifications] Listening to push token changes is not yet fully supported on web. Adding a listener will have no effect.
λ  WARN  "zap" is not a valid icon name for family "material-community" 
  console.logWithStack [as warn] (C:\Users\X1 CARBON\Desktop\pipeline_pro\node_modules\@expo\cli\src\start\server\serverLogLikeMetro.ts:161:21)
  Icon.render (C:\Users\X1 CARBON\Desktop\pipeline_pro\node_modules\expo-font\build\index.js:1:1)
  Object.callRenderInDEV [as react-stack-bottom-frame] (C:\Users\X1 CARBON\Desktop\pipeline_pro\node_modules\react-dom\cjs\react-dom-server-legacy.node.development.js:8977:27)
  run (C:\Users\X1 CARBON\Desktop\pipeline_pro\node_modules\react-dom\cjs\react-dom-server-legacy.node.development.js:5109:30)
  retryNode (C:\Users\X1 CARBON\Desktop\pipeline_pro\node_modules\react-dom\cjs\react-dom-server-legacy.node.development.js:5899:31)
  renderNodeDestructive (C:\Users\X1 CARBON\Desktop\pipeline_pro\node_modules\react-dom\cjs\react-dom-server-legacy.node.development.js:5849:11)
  renderNode (C:\Users\X1 CARBON\Desktop\pipeline_pro\node_modules\react-dom\cjs\react-dom-server-legacy.node.development.js:6306:18)
  run (C:\Users\X1 CARBON\Desktop\pipeline_pro\node_modules\react-dom\cjs\react-dom-server-legacy.node.development.js:5260:18)
  retryNode (C:\Users\X1 CARBON\Desktop\pipeline_pro\node_modules\react-dom\cjs\react-dom-server-legacy.node.development.js:5899:31)
  renderNodeDestructive (C:\Users\X1 CARBON\Desktop\pipeline_pro\node_modules\react-dom\cjs\react-dom-server-legacy.node.development.js:5849:11)
EXPO_USE_METRO_WORKSPACE_ROOT is enabled by default, use EXPO_NO_METRO_WORKSPACE_ROOT instead to disable.
EXPO_USE_METRO_WORKSPACE_ROOT is enabled by default, use EXPO_NO_METRO_WORKSPACE_ROOT instead to disable.
[expo-notifications] Listening to push token changes is not yet fully supported on web. Adding a listener will have no effect.
EXPO_USE_METRO_WORKSPACE_ROOT is enabled by default, use EXPO_NO_METRO_WORKSPACE_ROOT instead to disable.
EXPO_USE_METRO_WORKSPACE_ROOT is enabled by default, use EXPO_NO_METRO_WORKSPACE_ROOT instead to disable.
[expo-notifications] Listening to push token changes is not yet fully supported on web. Adding a listener will have no effect.
EXPO_USE_METRO_WORKSPACE_ROOT is enabled by default, use EXPO_NO_METRO_WORKSPACE_ROOT instead to disable.
EXPO_USE_METRO_WORKSPACE_ROOT is enabled by default, use EXPO_NO_METRO_WORKSPACE_ROOT instead to disable.
[expo-notifications] Listening to push token changes is not yet fully supported on web. Adding a listener will have no effect.
EXPO_USE_METRO_WORKSPACE_ROOT is enabled by default, use EXPO_NO_METRO_WORKSPACE_ROOT instead to disable.
EXPO_USE_METRO_WORKSPACE_ROOT is enabled by default, use EXPO_NO_METRO_WORKSPACE_ROOT instead to disable.
[expo-notifications] Listening to push token changes is not yet fully supported on web. Adding a listener will have no effect.
EXPO_USE_METRO_WORKSPACE_ROOT is enabled by default, use EXPO_NO_METRO_WORKSPACE_ROOT instead to disable.
EXPO_USE_METRO_WORKSPACE_ROOT is enabled by default, use EXPO_NO_METRO_WORKSPACE_ROOT instead to disable.
[expo-notifications] Listening to push token changes is not yet fully supported on web. Adding a listener will have no effect.
EXPO_USE_METRO_WORKSPACE_ROOT is enabled by default, use EXPO_NO_METRO_WORKSPACE_ROOT instead to disable.
EXPO_USE_METRO_WORKSPACE_ROOT is enabled by default, use EXPO_NO_METRO_WORKSPACE_ROOT instead to disable.
[expo-notifications] Listening to push token changes is not yet fully supported on web. Adding a listener will have no effect.
EXPO_USE_METRO_WORKSPACE_ROOT is enabled by default, use EXPO_NO_METRO_WORKSPACE_ROOT instead to disable.
EXPO_USE_METRO_WORKSPACE_ROOT is enabled by default, use EXPO_NO_METRO_WORKSPACE_ROOT instead to disable.
[expo-notifications] Listening to push token changes is not yet fully supported on web. Adding a listener will have no effect.
EXPO_USE_METRO_WORKSPACE_ROOT is enabled by default, use EXPO_NO_METRO_WORKSPACE_ROOT instead to disable.
EXPO_USE_METRO_WORKSPACE_ROOT is enabled by default, use EXPO_NO_METRO_WORKSPACE_ROOT instead to disable.
[expo-notifications] Listening to push token changes is not yet fully supported on web. Adding a listener will have no effect.
EXPO_USE_METRO_WORKSPACE_ROOT is enabled by default, use EXPO_NO_METRO_WORKSPACE_ROOT instead to disable.
EXPO_USE_METRO_WORKSPACE_ROOT is enabled by default, use EXPO_NO_METRO_WORKSPACE_ROOT instead to disable.
[expo-notifications] Listening to push token changes is not yet fully supported on web. Adding a listener will have no effect.
λ  WARN  props.pointerEvents is deprecated. Use style.pointerEvents 
  console.warn (C:\Users\X1 CARBON\Desktop\pipeline_pro\node_modules\@expo\cli\src\start\server\serverLogLikeMetro.ts:161:21)
  warnOnce (C:\Users\X1 CARBON\Desktop\pipeline_pro\node_modules\react-native-web\dist\modules\warnOnce\index.js:24:13)
  createDOMProps (C:\Users\X1 CARBON\Desktop\pipeline_pro\node_modules\react-native-web\dist\modules\createDOMProps\index.js:805:13)
  createElement (C:\Users\X1 CARBON\Desktop\pipeline_pro\node_modules\react-native-web\dist\exports\createElement\index.js:23:32)
  Component (C:\Users\X1 CARBON\Desktop\pipeline_pro\node_modules\react-native-web\dist\exports\View\index.js:111:23)
  Object.callComponentInDEV [as react-stack-bottom-frame] (C:\Users\X1 CARBON\Desktop\pipeline_pro\node_modules\react-dom\cjs\react-dom-server-legacy.node.development.js:8970:18)
  renderWithHooks (C:\Users\X1 CARBON\Desktop\pipeline_pro\node_modules\react-dom\cjs\react-dom-server-legacy.node.development.js:4699:19)
  run (C:\Users\X1 CARBON\Desktop\pipeline_pro\node_modules\react-dom\cjs\react-dom-server-legacy.node.development.js:5539:39)
  retryNode (C:\Users\X1 CARBON\Desktop\pipeline_pro\node_modules\react-dom\cjs\react-dom-server-legacy.node.development.js:5899:31)
  renderNodeDestructive (C:\Users\X1 CARBON\Desktop\pipeline_pro\node_modules\react-dom\cjs\react-dom-server-legacy.node.development.js:5849:11)
EXPO_USE_METRO_WORKSPACE_ROOT is enabled by default, use EXPO_NO_METRO_WORKSPACE_ROOT instead to disable.
EXPO_USE_METRO_WORKSPACE_ROOT is enabled by default, use EXPO_NO_METRO_WORKSPACE_ROOT instead to disable.
[expo-notifications] Listening to push token changes is not yet fully supported on web. Adding a listener will have no effect.
λ  WARN  props.pointerEvents is deprecated. Use style.pointerEvents 
  console.warn (C:\Users\X1 CARBON\Desktop\pipeline_pro\node_modules\@expo\cli\src\start\server\serverLogLikeMetro.ts:161:21)
  warnOnce (C:\Users\X1 CARBON\Desktop\pipeline_pro\node_modules\react-native-web\dist\modules\warnOnce\index.js:24:13)
  createDOMProps (C:\Users\X1 CARBON\Desktop\pipeline_pro\node_modules\react-native-web\dist\modules\createDOMProps\index.js:805:13)
  createElement (C:\Users\X1 CARBON\Desktop\pipeline_pro\node_modules\react-native-web\dist\exports\createElement\index.js:23:32)
  Component (C:\Users\X1 CARBON\Desktop\pipeline_pro\node_modules\react-native-web\dist\exports\View\index.js:111:23)
  Object.callComponentInDEV [as react-stack-bottom-frame] (C:\Users\X1 CARBON\Desktop\pipeline_pro\node_modules\react-dom\cjs\react-dom-server-legacy.node.development.js:8970:18)
  renderWithHooks (C:\Users\X1 CARBON\Desktop\pipeline_pro\node_modules\react-dom\cjs\react-dom-server-legacy.node.development.js:4699:19)
  run (C:\Users\X1 CARBON\Desktop\pipeline_pro\node_modules\react-dom\cjs\react-dom-server-legacy.node.development.js:5539:39)
  retryNode (C:\Users\X1 CARBON\Desktop\pipeline_pro\node_modules\react-dom\cjs\react-dom-server-legacy.node.development.js:5899:31)
  renderNodeDestructive (C:\Users\X1 CARBON\Desktop\pipeline_pro\node_modules\react-dom\cjs\react-dom-server-legacy.node.development.js:5849:11)
EXPO_USE_METRO_WORKSPACE_ROOT is enabled by default, use EXPO_NO_METRO_WORKSPACE_ROOT instead to disable.
EXPO_USE_METRO_WORKSPACE_ROOT is enabled by default, use EXPO_NO_METRO_WORKSPACE_ROOT instead to disable.
[expo-notifications] Listening to push token changes is not yet fully supported on web. Adding a listener will have no effect.
λ  WARN  props.pointerEvents is deprecated. Use style.pointerEvents 
  console.warn (C:\Users\X1 CARBON\Desktop\pipeline_pro\node_modules\@expo\cli\src\start\server\serverLogLikeMetro.ts:161:21)
  warnOnce (C:\Users\X1 CARBON\Desktop\pipeline_pro\node_modules\react-native-web\dist\modules\warnOnce\index.js:24:13)
  createDOMProps (C:\Users\X1 CARBON\Desktop\pipeline_pro\node_modules\react-native-web\dist\modules\createDOMProps\index.js:805:13)
  createElement (C:\Users\X1 CARBON\Desktop\pipeline_pro\node_modules\react-native-web\dist\exports\createElement\index.js:23:32)
  Component (C:\Users\X1 CARBON\Desktop\pipeline_pro\node_modules\react-native-web\dist\exports\View\index.js:111:23)
  Object.callComponentInDEV [as react-stack-bottom-frame] (C:\Users\X1 CARBON\Desktop\pipeline_pro\node_modules\react-dom\cjs\react-dom-server-legacy.node.development.js:8970:18)
  renderWithHooks (C:\Users\X1 CARBON\Desktop\pipeline_pro\node_modules\react-dom\cjs\react-dom-server-legacy.node.development.js:4699:19)
  run (C:\Users\X1 CARBON\Desktop\pipeline_pro\node_modules\react-dom\cjs\react-dom-server-legacy.node.development.js:5539:39)
  retryNode (C:\Users\X1 CARBON\Desktop\pipeline_pro\node_modules\react-dom\cjs\react-dom-server-legacy.node.development.js:5899:31)
  renderNodeDestructive (C:\Users\X1 CARBON\Desktop\pipeline_pro\node_modules\react-dom\cjs\react-dom-server-legacy.node.development.js:5849:11)
EXPO_USE_METRO_WORKSPACE_ROOT is enabled by default, use EXPO_NO_METRO_WORKSPACE_ROOT instead to disable.
EXPO_USE_METRO_WORKSPACE_ROOT is enabled by default, use EXPO_NO_METRO_WORKSPACE_ROOT instead to disable.
[expo-notifications] Listening to push token changes is not yet fully supported on web. Adding a listener will have no effect.
"shadow*" style props are deprecated. Use "boxShadow".
λ  WARN  props.pointerEvents is deprecated. Use style.pointerEvents 
  console.warn (C:\Users\X1 CARBON\Desktop\pipeline_pro\node_modules\@expo\cli\src\start\server\serverLogLikeMetro.ts:161:21)
  warnOnce (C:\Users\X1 CARBON\Desktop\pipeline_pro\node_modules\react-native-web\dist\modules\warnOnce\index.js:24:13)
  createDOMProps (C:\Users\X1 CARBON\Desktop\pipeline_pro\node_modules\react-native-web\dist\modules\createDOMProps\index.js:805:13)
  createElement (C:\Users\X1 CARBON\Desktop\pipeline_pro\node_modules\react-native-web\dist\exports\createElement\index.js:23:32)
  Component (C:\Users\X1 CARBON\Desktop\pipeline_pro\node_modules\react-native-web\dist\exports\View\index.js:111:23)
  Object.callComponentInDEV [as react-stack-bottom-frame] (C:\Users\X1 CARBON\Desktop\pipeline_pro\node_modules\react-dom\cjs\react-dom-server-legacy.node.development.js:8970:18)
  renderWithHooks (C:\Users\X1 CARBON\Desktop\pipeline_pro\node_modules\react-dom\cjs\react-dom-server-legacy.node.development.js:4699:19)
  run (C:\Users\X1 CARBON\Desktop\pipeline_pro\node_modules\react-dom\cjs\react-dom-server-legacy.node.development.js:5539:39)
  retryNode (C:\Users\X1 CARBON\Desktop\pipeline_pro\node_modules\react-dom\cjs\react-dom-server-legacy.node.development.js:5899:31)
  renderNodeDestructive (C:\Users\X1 CARBON\Desktop\pipeline_pro\node_modules\react-dom\cjs\react-dom-server-legacy.node.development.js:5849:11)
EXPO_USE_METRO_WORKSPACE_ROOT is enabled by default, use EXPO_NO_METRO_WORKSPACE_ROOT instead to disable.
EXPO_USE_METRO_WORKSPACE_ROOT is enabled by default, use EXPO_NO_METRO_WORKSPACE_ROOT instead to disable.
[expo-notifications] Listening to push token changes is not yet fully supported on web. Adding a listener will have no effect.
"shadow*" style props are deprecated. Use "boxShadow".
λ  WARN  props.pointerEvents is deprecated. Use style.pointerEvents 
  console.warn (C:\Users\X1 CARBON\Desktop\pipeline_pro\node_modules\@expo\cli\src\start\server\serverLogLikeMetro.ts:161:21)
  warnOnce (C:\Users\X1 CARBON\Desktop\pipeline_pro\node_modules\react-native-web\dist\modules\warnOnce\index.js:24:13)
  createDOMProps (C:\Users\X1 CARBON\Desktop\pipeline_pro\node_modules\react-native-web\dist\modules\createDOMProps\index.js:805:13)
  createElement (C:\Users\X1 CARBON\Desktop\pipeline_pro\node_modules\react-native-web\dist\exports\createElement\index.js:23:32)
  Component (C:\Users\X1 CARBON\Desktop\pipeline_pro\node_modules\react-native-web\dist\exports\View\index.js:111:23)
  Object.callComponentInDEV [as react-stack-bottom-frame] (C:\Users\X1 CARBON\Desktop\pipeline_pro\node_modules\react-dom\cjs\react-dom-server-legacy.node.development.js:8970:18)
  renderWithHooks (C:\Users\X1 CARBON\Desktop\pipeline_pro\node_modules\react-dom\cjs\react-dom-server-legacy.node.development.js:4699:19)
  run (C:\Users\X1 CARBON\Desktop\pipeline_pro\node_modules\react-dom\cjs\react-dom-server-legacy.node.development.js:5539:39)
  retryNode (C:\Users\X1 CARBON\Desktop\pipeline_pro\node_modules\react-dom\cjs\react-dom-server-legacy.node.development.js:5899:31)
  renderNodeDestructive (C:\Users\X1 CARBON\Desktop\pipeline_pro\node_modules\react-dom\cjs\react-dom-server-legacy.node.development.js:5849:11)
EXPO_USE_METRO_WORKSPACE_ROOT is enabled by default, use EXPO_NO_METRO_WORKSPACE_ROOT instead to disable.
EXPO_USE_METRO_WORKSPACE_ROOT is enabled by default, use EXPO_NO_METRO_WORKSPACE_ROOT instead to disable.
[expo-notifications] Listening to push token changes is not yet fully supported on web. Adding a listener will have no effect.
"shadow*" style props are deprecated. Use "boxShadow".
λ  WARN  props.pointerEvents is deprecated. Use style.pointerEvents 
  console.warn (C:\Users\X1 CARBON\Desktop\pipeline_pro\node_modules\@expo\cli\src\start\server\serverLogLikeMetro.ts:161:21)
  warnOnce (C:\Users\X1 CARBON\Desktop\pipeline_pro\node_modules\react-native-web\dist\modules\warnOnce\index.js:24:13)
  createDOMProps (C:\Users\X1 CARBON\Desktop\pipeline_pro\node_modules\react-native-web\dist\modules\createDOMProps\index.js:805:13)
  createElement (C:\Users\X1 CARBON\Desktop\pipeline_pro\node_modules\react-native-web\dist\exports\createElement\index.js:23:32)
  Component (C:\Users\X1 CARBON\Desktop\pipeline_pro\node_modules\react-native-web\dist\exports\View\index.js:111:23)
  Object.callComponentInDEV [as react-stack-bottom-frame] (C:\Users\X1 CARBON\Desktop\pipeline_pro\node_modules\react-dom\cjs\react-dom-server-legacy.node.development.js:8970:18)
  renderWithHooks (C:\Users\X1 CARBON\Desktop\pipeline_pro\node_modules\react-dom\cjs\react-dom-server-legacy.node.development.js:4699:19)
  run (C:\Users\X1 CARBON\Desktop\pipeline_pro\node_modules\react-dom\cjs\react-dom-server-legacy.node.development.js:5539:39)
  retryNode (C:\Users\X1 CARBON\Desktop\pipeline_pro\node_modules\react-dom\cjs\react-dom-server-legacy.node.development.js:5899:31)
  renderNodeDestructive (C:\Users\X1 CARBON\Desktop\pipeline_pro\node_modules\react-dom\cjs\react-dom-server-legacy.node.development.js:5849:11)
EXPO_USE_METRO_WORKSPACE_ROOT is enabled by default, use EXPO_NO_METRO_WORKSPACE_ROOT instead to disable.
EXPO_USE_METRO_WORKSPACE_ROOT is enabled by default, use EXPO_NO_METRO_WORKSPACE_ROOT instead to disable.
[expo-notifications] Listening to push token changes is not yet fully supported on web. Adding a listener will have no effect.
EXPO_USE_METRO_WORKSPACE_ROOT is enabled by default, use EXPO_NO_METRO_WORKSPACE_ROOT instead to disable.
EXPO_USE_METRO_WORKSPACE_ROOT is enabled by default, use EXPO_NO_METRO_WORKSPACE_ROOT instead to disable.
[expo-notifications] Listening to push token changes is not yet fully supported on web. Adding a listener will have no effect.
"shadow*" style props are deprecated. Use "boxShadow".
λ  WARN  props.pointerEvents is deprecated. Use style.pointerEvents 
  console.warn (C:\Users\X1 CARBON\Desktop\pipeline_pro\node_modules\@expo\cli\src\start\server\serverLogLikeMetro.ts:161:21)
  warnOnce (C:\Users\X1 CARBON\Desktop\pipeline_pro\node_modules\react-native-web\dist\modules\warnOnce\index.js:24:13)
  createDOMProps (C:\Users\X1 CARBON\Desktop\pipeline_pro\node_modules\react-native-web\dist\modules\createDOMProps\index.js:805:13)
  createElement (C:\Users\X1 CARBON\Desktop\pipeline_pro\node_modules\react-native-web\dist\exports\createElement\index.js:23:32)
  Component (C:\Users\X1 CARBON\Desktop\pipeline_pro\node_modules\react-native-web\dist\exports\View\index.js:111:23)
  Object.callComponentInDEV [as react-stack-bottom-frame] (C:\Users\X1 CARBON\Desktop\pipeline_pro\node_modules\react-dom\cjs\react-dom-server-legacy.node.development.js:8970:18)
  renderWithHooks (C:\Users\X1 CARBON\Desktop\pipeline_pro\node_modules\react-dom\cjs\react-dom-server-legacy.node.development.js:4699:19)
  run (C:\Users\X1 CARBON\Desktop\pipeline_pro\node_modules\react-dom\cjs\react-dom-server-legacy.node.development.js:5539:39)
  retryNode (C:\Users\X1 CARBON\Desktop\pipeline_pro\node_modules\react-dom\cjs\react-dom-server-legacy.node.development.js:5899:31)
  renderNodeDestructive (C:\Users\X1 CARBON\Desktop\pipeline_pro\node_modules\react-dom\cjs\react-dom-server-legacy.node.development.js:5849:11)
EXPO_USE_METRO_WORKSPACE_ROOT is enabled by default, use EXPO_NO_METRO_WORKSPACE_ROOT instead to disable.
EXPO_USE_METRO_WORKSPACE_ROOT is enabled by default, use EXPO_NO_METRO_WORKSPACE_ROOT instead to disable.
[expo-notifications] Listening to push token changes is not yet fully supported on web. Adding a listener will have no effect.
"shadow*" style props are deprecated. Use "boxShadow".
λ  WARN  props.pointerEvents is deprecated. Use style.pointerEvents 
  console.warn (C:\Users\X1 CARBON\Desktop\pipeline_pro\node_modules\@expo\cli\src\start\server\serverLogLikeMetro.ts:161:21)
  warnOnce (C:\Users\X1 CARBON\Desktop\pipeline_pro\node_modules\react-native-web\dist\modules\warnOnce\index.js:24:13)
  createDOMProps (C:\Users\X1 CARBON\Desktop\pipeline_pro\node_modules\react-native-web\dist\modules\createDOMProps\index.js:805:13)
  createElement (C:\Users\X1 CARBON\Desktop\pipeline_pro\node_modules\react-native-web\dist\exports\createElement\index.js:23:32)
  Component (C:\Users\X1 CARBON\Desktop\pipeline_pro\node_modules\react-native-web\dist\exports\View\index.js:111:23)
  Object.callComponentInDEV [as react-stack-bottom-frame] (C:\Users\X1 CARBON\Desktop\pipeline_pro\node_modules\react-dom\cjs\react-dom-server-legacy.node.development.js:8970:18)
  renderWithHooks (C:\Users\X1 CARBON\Desktop\pipeline_pro\node_modules\react-dom\cjs\react-dom-server-legacy.node.development.js:4699:19)
  run (C:\Users\X1 CARBON\Desktop\pipeline_pro\node_modules\react-dom\cjs\react-dom-server-legacy.node.development.js:5539:39)
  retryNode (C:\Users\X1 CARBON\Desktop\pipeline_pro\node_modules\react-dom\cjs\react-dom-server-legacy.node.development.js:5899:31)
  renderNodeDestructive (C:\Users\X1 CARBON\Desktop\pipeline_pro\node_modules\react-dom\cjs\react-dom-server-legacy.node.development.js:5849:11)
